// Vitest Snapshot v1, https://vitest.dev/guide/snapshot.html

exports[`RelatedAlbumsSection > should match snapshot 1`] = `
{
  "asFragment": [Function],
  "baseElement": <body>
    <div>
      <h4
        class="MuiTypography-root MuiTypography-h4 css-nk02qn-JoyTypography-root"
      >
        Other albums you may like
      </h4>
      <hr
        class="MuiDivider-root MuiDivider-horizontal css-10w8je6-JoyDivider-root"
      />
      <div
        class="MuiStack-root css-ipxlt3-JoyStack-root"
      >
        <section
          class="MuiGrid-root MuiGrid-container MuiGrid-direction-xs-row MuiGrid-spacing-xs-2 css-18ev1m-JoyGrid-root"
        >
          <a
            aria-label="title0"
            class="MuiGrid-root MuiGrid-direction-xs-row css-bqntaw-JoyGrid-root"
            href="/0"
          >
            <div
              class="MuiStack-root css-f9pi93-JoyStack-root"
            >
              <span
                class="MuiCircularProgress-root MuiCircularProgress-colorPrimary MuiCircularProgress-variantSoft MuiCircularProgress-sizeMd css-sdm6f4-JoyCircularProgress-root"
                role="progressbar"
                style="--CircularProgress-percent: 25;"
              >
                <svg
                  class="MuiCircularProgress-svg css-qw6zo9-JoyCircularProgress-svg"
                >
                  <circle
                    class="MuiCircularProgress-track css-vtf6ih-JoyCircularProgress-track"
                  />
                  <circle
                    class="MuiCircularProgress-progress css-glg1l6-JoyCircularProgress-progress"
                  />
                </svg>
              </span>
              <img
                alt="title0 - related album cover"
                src="0"
                style="opacity: 0; height: 55px; width: 55px;"
              />
            </div>
          </a>
        </section>
        <a
          class="MuiButton-root MuiButton-variantSolid MuiButton-colorPrimary MuiButton-sizeMd css-grtnkv-JoyButton-root"
          href="/"
        >
          Show all
        </a>
      </div>
    </div>
  </body>,
  "container": <div>
    <h4
      class="MuiTypography-root MuiTypography-h4 css-nk02qn-JoyTypography-root"
    >
      Other albums you may like
    </h4>
    <hr
      class="MuiDivider-root MuiDivider-horizontal css-10w8je6-JoyDivider-root"
    />
    <div
      class="MuiStack-root css-ipxlt3-JoyStack-root"
    >
      <section
        class="MuiGrid-root MuiGrid-container MuiGrid-direction-xs-row MuiGrid-spacing-xs-2 css-18ev1m-JoyGrid-root"
      >
        <a
          aria-label="title0"
          class="MuiGrid-root MuiGrid-direction-xs-row css-bqntaw-JoyGrid-root"
          href="/0"
        >
          <div
            class="MuiStack-root css-f9pi93-JoyStack-root"
          >
            <span
              class="MuiCircularProgress-root MuiCircularProgress-colorPrimary MuiCircularProgress-variantSoft MuiCircularProgress-sizeMd css-sdm6f4-JoyCircularProgress-root"
              role="progressbar"
              style="--CircularProgress-percent: 25;"
            >
              <svg
                class="MuiCircularProgress-svg css-qw6zo9-JoyCircularProgress-svg"
              >
                <circle
                  class="MuiCircularProgress-track css-vtf6ih-JoyCircularProgress-track"
                />
                <circle
                  class="MuiCircularProgress-progress css-glg1l6-JoyCircularProgress-progress"
                />
              </svg>
            </span>
            <img
              alt="title0 - related album cover"
              src="0"
              style="opacity: 0; height: 55px; width: 55px;"
            />
          </div>
        </a>
      </section>
      <a
        class="MuiButton-root MuiButton-variantSolid MuiButton-colorPrimary MuiButton-sizeMd css-grtnkv-JoyButton-root"
        href="/"
      >
        Show all
      </a>
    </div>
  </div>,
  "debug": [Function],
  "findAllByAltText": [Function],
  "findAllByDisplayValue": [Function],
  "findAllByLabelText": [Function],
  "findAllByPlaceholderText": [Function],
  "findAllByRole": [Function],
  "findAllByTestId": [Function],
  "findAllByText": [Function],
  "findAllByTitle": [Function],
  "findByAltText": [Function],
  "findByDisplayValue": [Function],
  "findByLabelText": [Function],
  "findByPlaceholderText": [Function],
  "findByRole": [Function],
  "findByTestId": [Function],
  "findByText": [Function],
  "findByTitle": [Function],
  "getAllByAltText": [Function],
  "getAllByDisplayValue": [Function],
  "getAllByLabelText": [Function],
  "getAllByPlaceholderText": [Function],
  "getAllByRole": [Function],
  "getAllByTestId": [Function],
  "getAllByText": [Function],
  "getAllByTitle": [Function],
  "getByAltText": [Function],
  "getByDisplayValue": [Function],
  "getByLabelText": [Function],
  "getByPlaceholderText": [Function],
  "getByRole": [Function],
  "getByTestId": [Function],
  "getByText": [Function],
  "getByTitle": [Function],
  "queryAllByAltText": [Function],
  "queryAllByDisplayValue": [Function],
  "queryAllByLabelText": [Function],
  "queryAllByPlaceholderText": [Function],
  "queryAllByRole": [Function],
  "queryAllByTestId": [Function],
  "queryAllByText": [Function],
  "queryAllByTitle": [Function],
  "queryByAltText": [Function],
  "queryByDisplayValue": [Function],
  "queryByLabelText": [Function],
  "queryByPlaceholderText": [Function],
  "queryByRole": [Function],
  "queryByTestId": [Function],
  "queryByText": [Function],
  "queryByTitle": [Function],
  "rerender": [Function],
  "unmount": [Function],
}
`;
